---
source: crates/iota-swarm-config/tests/snapshot_tests.rs
expression: genesis.iota_system_object().into_genesis_version_for_tooling()
snapshot_kind: text
---
epoch: 0
protocol_version: 11
system_state_version: 1
iota_treasury_cap:
  inner:
    id:
      id: "0x93ac0766dd1afcd309803e3a5cf46ee413ee9d2a477ed0648cc02781e503c308"
    total_supply:
      value: "751500000000000000"
validators:
  total_stake: 1500000000000000
  active_validators:
    - metadata:
        iota_address: "0xb877dacaef0724a0a155ad7c6ae1289580b96646aef3caafd6ebcb1bcf8bd13f"
        authority_pubkey_bytes:
          - 153
          - 242
          - 94
          - 246
          - 31
          - 128
          - 50
          - 185
          - 20
          - 99
          - 100
          - 96
          - 152
          - 44
          - 92
          - 198
          - 241
          - 52
          - 239
          - 29
          - 218
          - 231
          - 102
          - 87
          - 242
          - 203
          - 254
          - 193
          - 235
          - 252
          - 141
          - 9
          - 115
          - 116
          - 8
          - 13
          - 246
          - 252
          - 240
          - 220
          - 184
          - 188
          - 75
          - 13
          - 142
          - 10
          - 245
          - 216
          - 14
          - 187
          - 255
          - 43
          - 76
          - 89
          - 159
          - 84
          - 244
          - 45
          - 99
          - 18
          - 223
          - 195
          - 20
          - 39
          - 96
          - 120
          - 193
          - 204
          - 52
          - 126
          - 187
          - 190
          - 197
          - 25
          - 139
          - 226
          - 88
          - 81
          - 63
          - 56
          - 107
          - 147
          - 13
          - 2
          - 194
          - 116
          - 154
          - 128
          - 62
          - 35
          - 48
          - 149
          - 94
          - 189
          - 26
          - 16
        network_pubkey_bytes:
          - 148
          - 228
          - 168
          - 73
          - 49
          - 68
          - 233
          - 230
          - 150
          - 32
          - 140
          - 190
          - 208
          - 2
          - 89
          - 230
          - 221
          - 181
          - 111
          - 151
          - 155
          - 145
          - 195
          - 41
          - 103
          - 86
          - 9
          - 133
          - 190
          - 97
          - 144
          - 155
        protocol_pubkey_bytes:
          - 31
          - 42
          - 121
          - 1
          - 168
          - 66
          - 228
          - 211
          - 98
          - 59
          - 198
          - 28
          - 225
          - 193
          - 113
          - 125
          - 46
          - 118
          - 142
          - 15
          - 215
          - 45
          - 248
          - 52
          - 26
          - 245
          - 102
          - 21
          - 185
          - 22
          - 240
          - 56
        proof_of_possession_bytes:
          - 185
          - 60
          - 204
          - 156
          - 218
          - 197
          - 31
          - 107
          - 109
          - 84
          - 191
          - 98
          - 196
          - 9
          - 17
          - 141
          - 243
          - 38
          - 4
          - 23
          - 37
          - 149
          - 114
          - 51
          - 168
          - 186
          - 243
          - 141
          - 189
          - 48
          - 40
          - 187
          - 147
          - 104
          - 20
          - 211
          - 60
          - 160
          - 197
          - 136
          - 139
          - 70
          - 112
          - 193
          - 80
          - 163
          - 186
          - 226
        name: "0"
        description: ""
        image_url: ""
        project_url: ""
        net_address: /ip4/127.0.0.1/tcp/80
        p2p_address: /ip4/127.0.0.1/udp/80
        primary_address: /ip4/127.0.0.1/udp/80
        next_epoch_authority_pubkey_bytes: ~
        next_epoch_proof_of_possession: ~
        next_epoch_network_pubkey_bytes: ~
        next_epoch_protocol_pubkey_bytes: ~
        next_epoch_net_address: ~
        next_epoch_p2p_address: ~
        next_epoch_primary_address: ~
        extra_fields:
          id:
            id: "0xe10bb896361460850aa72173b1008a8bf9ea535e59716d6f1038998f06d7f8cf"
          size: 0
      voting_power: 10000
      operation_cap_id: "0xe3939c76baf6ff9fca3959b0bcdc11369e145c79ef03f068561836f9cf92a147"
      gas_price: 1000
      staking_pool:
        id: "0x44b732f16ff1264e4f5a5209bbcaa5d84d5d8f20f5335f7877705e4d9a153cde"
        activation_epoch: 0
        deactivation_epoch: ~
        iota_balance: 1500000000000000
        rewards_pool:
          value: 0
        pool_token_balance: 1500000000000000
        exchange_rates:
          id: "0x3249c3007b5121a35bba3b7c44059146a459f356e55055334abae58bd31f6ec6"
          size: 1
        pending_stake: 0
        pending_total_iota_withdraw: 0
        pending_pool_token_withdraw: 0
        extra_fields:
          id:
            id: "0xedc1d25db490299a369e94c1c85736fd02b1d6d504fedaf9b9d4248ae2dd9424"
          size: 0
      commission_rate: 200
      next_epoch_stake: 1500000000000000
      next_epoch_gas_price: 1000
      next_epoch_commission_rate: 200
      extra_fields:
        id:
          id: "0x009416ae8ccb0b95d02def75e858d97f20f7d06e468e2e9d72e4e759e6d91a93"
        size: 0
  pending_active_validators:
    contents:
      id: "0x6cbb7a78e5e3bc7463157fa13478884d5bacc825039e3b38f516032ef4e4796a"
      size: 0
  pending_removals: []
  staking_pool_mappings:
    id: "0x96a6c9e33c5dc25d170ecf126472eaf4873a854a3f5226075bfaa882ce65ebfc"
    size: 1
  inactive_validators:
    id: "0xdd0c615bb16d3bfb51f45993a59d1e95a5d94006e4ee63d77251d8561afc4ef6"
    size: 0
  validator_candidates:
    id: "0x7d31d21bd8922b90ab024d38d4442470694d65ea3b1ec3ee08581335247178c1"
    size: 0
  at_risk_validators:
    contents: []
  extra_fields:
    id:
      id: "0xd25d1ab1fe098f2e7eada5c322c8cdbdb067a9fc4d3c42584a6dda31999017ca"
    size: 0
storage_fund:
  total_object_storage_rebates:
    value: 0
  non_refundable_balance:
    value: 0
parameters:
  epoch_duration_ms: 86400000
  min_validator_count: 4
  max_validator_count: 150
  min_validator_joining_stake: 2000000000000000
  validator_low_stake_threshold: 1500000000000000
  validator_very_low_stake_threshold: 1000000000000000
  validator_low_stake_grace_period: 7
  extra_fields:
    id:
      id: "0xa944385d9d562b4fb4254706a203747189f399bfaffc59420d0be60a6d71c323"
    size: 0
iota_system_admin_cap:
  dummy_field: false
reference_gas_price: 1000
validator_report_records:
  contents: []
safe_mode: false
safe_mode_storage_charges:
  value: 0
safe_mode_computation_rewards:
  value: 0
safe_mode_storage_rebates: 0
safe_mode_non_refundable_storage_fee: 0
epoch_start_timestamp_ms: 10
extra_fields:
  id:
    id: "0xa364b1d4e5a9339c1afc222defc472cb4745b3b27442fb6c536cf98f5f91e137"
  size: 0
